[6,6] => { 'players': [
{'player': 'Chet','pnalty': 'True','place': '6','purses': '2'},
{'player': 'Pat','pnalty': 'True','place': '6','purses': '4'},
{'player': 'Sue','pnalty': 'False','place': '0','purses': '6'},]}

